// Jest Snapshot v1, https://goo.gl/fbAQLP

exports[`<ProjectsPage /> should match the snapshot 1`] = `
<div
  class=""
>
  <br />
  <button>
    projekt 1
  </button>
  <br />
  <button>
    projekt 2
  </button>
</div>
`;
